test/008-token.xxl:2:1 name var
test/008-token.xxl:2:5 name token
test/008-token.xxl:2:11 operator =
test/008-token.xxl:2:13 name __xxl
test/008-token.xxl:2:18 operator .
test/008-token.xxl:2:19 name tokenizer
test/008-token.xxl:2:28 operator (
test/008-token.xxl:2:29 string test/008-token.xxl
test/008-token.xxl:2:49 operator ,
test/008-token.xxl:2:51 string =<>!+-*&|/%^
test/008-token.xxl:2:65 operator ,
test/008-token.xxl:2:67 string =<>&|
test/008-token.xxl:2:74 operator )
test/008-token.xxl:2:75 operator ;
test/008-token.xxl:4:1 name leave_while
test/008-token.xxl:4:12 operator :
test/008-token.xxl:5:1 name while
test/008-token.xxl:5:7 operator (
test/008-token.xxl:5:8 name true
test/008-token.xxl:5:12 operator )
test/008-token.xxl:5:14 operator {
test/008-token.xxl:6:5 name var
test/008-token.xxl:6:9 name t
test/008-token.xxl:6:11 operator =
test/008-token.xxl:6:13 name token
test/008-token.xxl:6:18 operator (
test/008-token.xxl:6:19 operator )
test/008-token.xxl:6:20 operator ;
test/008-token.xxl:7:5 name if
test/008-token.xxl:7:8 operator (
test/008-token.xxl:7:9 operator !
test/008-token.xxl:7:10 name t
test/008-token.xxl:7:11 operator )
test/008-token.xxl:7:13 operator {
test/008-token.xxl:8:2 name leave_while
test/008-token.xxl:8:13 operator (
test/008-token.xxl:8:14 operator )
test/008-token.xxl:8:15 operator ;
test/008-token.xxl:9:5 operator }
test/008-token.xxl:10:5 name __xxl
test/008-token.xxl:10:10 operator .
test/008-token.xxl:10:11 name print
test/008-token.xxl:10:16 operator (
test/008-token.xxl:10:17 name t
test/008-token.xxl:10:18 operator .
test/008-token.xxl:10:19 name where
test/008-token.xxl:10:24 operator ,
test/008-token.xxl:10:26 name t
test/008-token.xxl:10:27 operator .
test/008-token.xxl:10:28 name type
test/008-token.xxl:10:32 operator ,
test/008-token.xxl:10:34 name t
test/008-token.xxl:10:35 operator .
test/008-token.xxl:10:36 name value
test/008-token.xxl:10:41 operator )
test/008-token.xxl:10:42 operator ;
test/008-token.xxl:11:1 operator }
