test/008-token.xxl:2:1 name var
test/008-token.xxl:2:5 name token
test/008-token.xxl:2:11 operator =
test/008-token.xxl:2:13 name System
test/008-token.xxl:2:19 operator .
test/008-token.xxl:2:20 name tokenizer
test/008-token.xxl:2:29 operator (
test/008-token.xxl:2:30 string test/008-token.xxl
test/008-token.xxl:2:50 operator ,
test/008-token.xxl:2:52 string =<>!+-*&|/%^
test/008-token.xxl:2:66 operator ,
test/008-token.xxl:2:68 string =<>&|
test/008-token.xxl:2:75 operator )
test/008-token.xxl:2:76 operator ;
test/008-token.xxl:4:1 name while
test/008-token.xxl:4:7 operator (
test/008-token.xxl:4:8 name true
test/008-token.xxl:4:12 operator )
test/008-token.xxl:4:14 operator {
test/008-token.xxl:5:5 name var
test/008-token.xxl:5:9 name t
test/008-token.xxl:5:11 operator =
test/008-token.xxl:5:13 name token
test/008-token.xxl:5:18 operator (
test/008-token.xxl:5:19 operator )
test/008-token.xxl:5:20 operator ;
test/008-token.xxl:6:5 name if
test/008-token.xxl:6:8 operator (
test/008-token.xxl:6:9 operator !
test/008-token.xxl:6:10 name t
test/008-token.xxl:6:11 operator )
test/008-token.xxl:6:13 operator {
test/008-token.xxl:7:2 name leave_while
test/008-token.xxl:7:13 operator (
test/008-token.xxl:7:14 operator )
test/008-token.xxl:7:15 operator ;
test/008-token.xxl:8:5 operator }
test/008-token.xxl:9:5 name System
test/008-token.xxl:9:11 operator .
test/008-token.xxl:9:12 name print
test/008-token.xxl:9:17 operator (
test/008-token.xxl:9:18 name t
test/008-token.xxl:9:19 operator .
test/008-token.xxl:9:20 name where
test/008-token.xxl:9:25 operator ,
test/008-token.xxl:9:27 name t
test/008-token.xxl:9:28 operator .
test/008-token.xxl:9:29 name type
test/008-token.xxl:9:33 operator ,
test/008-token.xxl:9:35 name t
test/008-token.xxl:9:36 operator .
test/008-token.xxl:9:37 name value
test/008-token.xxl:9:42 operator )
test/008-token.xxl:9:43 operator ;
test/008-token.xxl:10:1 operator }
