test/013-block.xxl:3:9 WARNING shadows previous definition at test/013-block.xxl:1:5 'a'
    var a = 2;
        ^
test/013-block.xxl:11:9 WARNING shadows previous definition at test/013-block.xxl:1:5 'a'
    var a = 2;
        ^
test/013-block.xxl:18:9 WARNING shadows previous definition at test/013-block.xxl:1:5 'a'
    var a = 2;
        ^
2
1
2
1
2
1
